11:42:59 **** Incremental Build of configuration Debug for project 4_GPIO_LED ****
make -j16 all 
arm-none-eabi-gcc "../Src/main.c" -mcpu=cortex-m4 -std=gnu11 -g3 -DDEBUG -DNUCLEO_F411RE -DSTM32 -DSTM32F4 -DSTM32F411RETx -DSTM32F411xE -c -I../Inc -I..//Chip_headers/Include -I..//Chip_headers/Device/ST/STM32F4xx/Include -O0 -ffunction-sections -fdata-sections -Wall -fstack-usage -fcyclomatic-complexity -MMD -MP -MF"Src/main.d" -MT"Src/main.o" --specs=nano.specs -mfpu=fpv4-sp-d16 -mfloat-abi=hard -mthumb -o "Src/main.o"
arm-none-eabi-gcc -o "4_GPIO_LED.elf" @"objects.list"   -mcpu=cortex-m4 -T"/home/farhan/test project/can bus project/stm32_can_bus/4_GPIO_LED/STM32F411RETX_FLASH.ld" --specs=nosys.specs -Wl,-Map="4_GPIO_LED.map" -Wl,--gc-sections -static --specs=nano.specs -mfpu=fpv4-sp-d16 -mfloat-abi=hard -mthumb -Wl,--start-group -lc -lm -Wl,--end-group
Finished building target: 4_GPIO_LED.elf
 
arm-none-eabi-size  4_GPIO_LED.elf 
arm-none-eabi-objdump -h -S 4_GPIO_LED.elf  > "4_GPIO_LED.list"
   text	   data	    bss	    dec	    hex	filename
   5568	     92	   1908	   7568	   1d90	4_GPIO_LED.elf
Finished building: default.size.stdout
 
Finished building: 4_GPIO_LED.list
 

11:42:59 Build Finished. 0 errors, 0 warnings. (took 178ms)

